// Jest Snapshot v1, https://goo.gl/fbAQLP

exports[`<Language/> SnapShot del Language 1`] = `ShallowWrapper {}`;
